// Vitest Snapshot v1, https://vitest.dev/guide/snapshot.html

exports[`MCP tool schemas > exact tool name set is stable (snapshot) 1`] = `
[
  "gl_audit",
  "gl_auto_scan",
  "gl_batch_resolve",
  "gl_best_practices",
  "gl_changelog",
  "gl_compare",
  "gl_compat",
  "gl_dispatch",
  "gl_examples",
  "gl_get_docs",
  "gl_migration",
  "gl_resolve_library",
  "gl_search",
  "gl_snippets",
]
`;

exports[`MCP tool schemas > input schema shapes are stable (snapshot) 1`] = `
{
  "gl_audit": [
    "categories",
    "maxFiles",
    "projectPath",
    "tokens",
  ],
  "gl_auto_scan": [
    "projectPath",
    "tokensPerLib",
    "topic",
  ],
  "gl_batch_resolve": [
    "libraryNames",
  ],
  "gl_best_practices": [
    "libraryId",
    "tokens",
    "topic",
    "version",
  ],
  "gl_changelog": [
    "libraryId",
    "tokens",
    "version",
  ],
  "gl_compare": [
    "criteria",
    "libraries",
    "tokens",
  ],
  "gl_compat": [
    "environments",
    "feature",
    "tokens",
  ],
  "gl_dispatch": [
    "projectPath",
    "query",
  ],
  "gl_examples": [
    "language",
    "library",
    "maxResults",
    "pattern",
  ],
  "gl_get_docs": [
    "libraryId",
    "projectPath",
    "tokens",
    "topic",
    "version",
  ],
  "gl_migration": [
    "fromVersion",
    "libraryId",
    "toVersion",
    "tokens",
  ],
  "gl_resolve_library": [
    "libraryName",
    "query",
  ],
  "gl_search": [
    "query",
    "tokens",
  ],
  "gl_snippets": [
    "language",
    "libraryId",
    "maxSnippets",
    "projectPath",
    "refresh",
    "topic",
    "version",
  ],
}
`;
